// Jest Snapshot v1, https://goo.gl/fbAQLP

exports[`components - InventoryCodeSectionComponent should render correctly 1`] = `
<Fragment>
  <div
    className="top-level border-left-0 border-base-lighter border-left-2px border-right-0 border-bottom-0 border-top-0 border-dashed font-body-md padding-x-1 mobile:padding-x-205 text-bold padding-y-105 tablet-lg:padding-left-3 tablet-lg:padding-right-5 tablet-lg:padding-y-2"
  >
    <dl
      className="margin-0 text-base-dark"
    >
      <dt
        className="margin-left-0 usa-sr-only"
      >
        Field Name: 
      </dt>
      <dd
        className=" display-inline margin-left-0"
      >
        version
      </dd>
      <dd
        className="usa-sr-only margin-left-0"
      >
        Required field.
      </dd>
      <dt
        className="usa-sr-only margin-left-0"
      >
        Data Type: 
      </dt>
      <dd
        className=" data-type font-body-3xs text-normal margin-left-05 display-inline"
      >
        string
      </dd>
      <dt
        className="usa-sr-only margin-left-0"
      >
        Definition: 
      </dt>
      <dd
        className=" description text-normal font-body-3xs margin-bottom-0 margin-top-05 margin-left-0"
        dangerouslySetInnerHTML={
          Object {
            "__html": "The version of the metadata schema in use.",
          }
        }
      />
    </dl>
  </div>
</Fragment>
`;
