// Jest Snapshot v1, https://goo.gl/fbAQLP

exports[`components - CardPart should render correctly 1`] = `
<Fragment>
  <li>
    <span
      className="text-bold"
    >
      test-title
      : 
    </span>
    test-text
  </li>
</Fragment>
`;
