// Jest Snapshot v1, https://goo.gl/fbAQLP

exports[`components - MobileMenuSearchBox render should render correctly 1`] = `
<Fragment>
  <form
    className="usa-search"
    onSubmit={[Function]}
    role="search"
  >
    <input
      aria-label="search"
      className="usa-input radius-left-md border-1px border-right-0 border-base-lighter font-body-3xs"
      onChange={[Function]}
      placeholder="Search Projects..."
      type="search"
      value=""
    />
    <button
      className="usa-button font-body-sm"
      type="submit"
    >
      <span
        className="usa-search__submit-text"
      >
        Go
      </span>
    </button>
  </form>
</Fragment>
`;
