// Jest Snapshot v1, https://goo.gl/fbAQLP

exports[`containers - Menu - SearchBoxDropdown mapStateToProps should return the correct properties 1`] = `
Object {
  "searchDropdown": "test-search-dropdown",
}
`
